// Jest Snapshot v1, https://goo.gl/fbAQLP

exports[`Copyright renders correctly 1`] = `
<p
  className="copyright"
>
  copyright
</p>
`;
