// Jest Snapshot v1, https://goo.gl/fbAQLP

exports[`SubscriberThankYouTemplate renders correctly 1`] = `
<StaticQuery
  render={[Function]}
/>
`;
