// Jest Snapshot v1, https://goo.gl/fbAQLP

exports[`TagsListTemplate renders correctly 1`] = `
Array [
  <StaticQuery
    render={[Function]}
  />,
  <StaticQuery
    render={[Function]}
  />,
]
`;
