// Jest Snapshot v1, https://goo.gl/fbAQLP

exports[`Sidebar renders correctly 1`] = `
<div
  className="sidebar"
>
  <div
    className="sidebar__inner"
  >
    <div
      className="author"
    >
      <div
        className="author__main-section"
      >
        <Link
          to="/"
        >
          <img
            alt="name"
            className="author__photo"
            src="/photo2.png"
          />
        </Link>
        <div
          className="author__title"
        >
          <h1>
            <Link
              className="author__title-link"
              to="/"
            >
              name
            </Link>
          </h1>
          <div
            className="react-toggle"
            onClick={[Function]}
            onTouchEnd={[Function]}
            onTouchMove={[Function]}
            onTouchStart={[Function]}
          >
            <div
              className="react-toggle-track"
            >
              <div
                className="react-toggle-track-check"
              >
                <img
                  alt="dark mode"
                  src="/media/moon.svg"
                />
              </div>
              <div
                className="react-toggle-track-x"
              >
                <img
                  alt="light mode"
                  src="/media/sun.svg"
                />
              </div>
            </div>
            <div
              className="react-toggle-thumb"
            />
            <input
              checked={false}
              className="react-toggle-screenreader-only"
              onBlur={[Function]}
              onChange={[Function]}
              onFocus={[Function]}
              type="checkbox"
            />
          </div>
        </div>
      </div>
      <p
        className="author__subtitle"
        dangerouslySetInnerHTML={
          Object {
            "__html": "bio",
          }
        }
      />
    </div>
    <StaticQuery
      render={[Function]}
    />
    <StaticQuery
      render={[Function]}
    />
  </div>
</div>
`;
